PHPUnit Started (PHPUnit 12.5.33 using PHP 8.5.10 (cli) on WINNT)
Test Runner Configured
Bootstrap Finished (C:\Users\elvin.gulizada\Desktop\filament-gdpr\vendor/autoload.php)
Event Facade Sealed


An error occurred inside PHPUnit.

Message:  Please run [./vendor/bin/pest] instead.
Location: C:\Users\elvin.gulizada\Desktop\filament-gdpr\vendor\pestphp\pest\src\TestSuite.php:105

#0 C:\Users\elvin.gulizada\Desktop\filament-gdpr\vendor\pestphp\pest\src\Functions.php(144): Pest\TestSuite::getInstance()
#1 C:\Users\elvin.gulizada\Desktop\filament-gdpr\vendor\pestphp\pest\src\Functions.php(160): test('it will not use...', NULL)
#2 C:\Users\elvin.gulizada\Desktop\filament-gdpr\tests\DebugTest.php(3): it('it will not use...')
#3 C:\Users\elvin.gulizada\Desktop\filament-gdpr\vendor\phpunit\phpunit\src\Runner\TestSuiteLoader.php(116): require_once('C:\\Users\\elvin....')
#4 C:\Users\elvin.gulizada\Desktop\filament-gdpr\vendor\phpunit\phpunit\src\Runner\TestSuiteLoader.php(49): PHPUnit\Runner\TestSuiteLoader->loadSuiteClassFile('C:\\Users\\elvin....')
#5 C:\Users\elvin.gulizada\Desktop\filament-gdpr\vendor\phpunit\phpunit\src\Framework\TestSuite.php(237): PHPUnit\Runner\TestSuiteLoader->load('C:\\Users\\elvin....')
#6 C:\Users\elvin.gulizada\Desktop\filament-gdpr\vendor\phpunit\phpunit\src\TextUI\Configuration\Xml\TestSuiteMapper.php(104): PHPUnit\Framework\TestSuite->addTestFile('C:\\Users\\elvin....', Array)
#7 C:\Users\elvin.gulizada\Desktop\filament-gdpr\vendor\phpunit\phpunit\src\TextUI\Configuration\TestSuiteBuilder.php(75): PHPUnit\TextUI\XmlConfiguration\TestSuiteMapper->map('C:\\Users\\elvin....', Object(PHPUnit\TextUI\Configuration\TestSuiteCollection), Array, Array)
#8 C:\Users\elvin.gulizada\Desktop\filament-gdpr\vendor\phpunit\phpunit\src\TextUI\Application.php(389): PHPUnit\TextUI\Configuration\TestSuiteBuilder->build(Object(PHPUnit\TextUI\Configuration\Configuration))
#9 C:\Users\elvin.gulizada\Desktop\filament-gdpr\vendor\phpunit\phpunit\src\TextUI\Application.php(196): PHPUnit\TextUI\Application->buildTestSuite(Object(PHPUnit\TextUI\Configuration\Configuration))
#10 C:\Users\elvin.gulizada\Desktop\filament-gdpr\vendor\phpunit\phpunit\phpunit(104): PHPUnit\TextUI\Application->run(Array)
#11 C:\Users\elvin.gulizada\Desktop\filament-gdpr\vendor\bin\phpunit(122): include('C:\\Users\\elvin....')
#12 {main}
